// Jest Snapshot v1, https://goo.gl/fbAQLP

exports[`Table component should match snapshot 1`] = `
<div>
  <table
    role="table"
  >
    <thead>
      <tr
        role="row"
      >
        <th
          colspan="1"
          role="columnheader"
        >
          Name
        </th>
        <th
          colspan="1"
          role="columnheader"
        >
          Email
        </th>
        <th
          colspan="1"
          role="columnheader"
        >
          Phone
        </th>
      </tr>
    </thead>
    <tbody
      role="rowgroup"
    >
      <tr
        role="row"
      >
        <td
          role="cell"
        >
          John Doe
        </td>
        <td
          role="cell"
        >
          teste@gmail.com
        </td>
        <td
          role="cell"
        >
          123456789
        </td>
      </tr>
    </tbody>
  </table>
  <div>
    R$Â NaN
  </div>
</div>
`;
